// Jest Snapshot v1, https://goo.gl/fbAQLP

exports[`render() renders correct checkout components 1`] = `
<Fragment>
  <PaymentMethodSummary
    headerTitle="Payment Method"
    onClick={[Function]}
    showEditButton={true}
  />
  <div
    className="c-checkout__addressform"
  >
    <div
      className="o-form__address"
    >
      <AddressFormSummary
        headerTitle="Shipping Address"
        onClick={[Function]}
        showEditButton={true}
      />
    </div>
  </div>
  <ShippingMethodsSummary
    headerTitle="Shipping Method"
    onClick={[Function]}
  />
  <div
    className="u-hidden"
  >
    <PaymentSummary
      errorMessage={null}
      headerTitle="Payment Details"
      onClick={[Function]}
      showEditButton={true}
      withErrors={false}
    />
  </div>
  <div
    className=""
  >
    <Payment
      addressBook={Array []}
      addressFormDisplayed={[Function]}
      autoFillAddress={[Function]}
      cart={
        Object {
          "shipping_address": Object {},
        }
      }
      changeBillingAsShipping={[Function]}
      checkout={
        Object {
          "addressBook": Array [],
          "paymentMethod": "Credit/Debit Card",
        }
      }
      countries={
        Array [
          Object {
            "id": 1,
            "title": "United Kingdom",
            "value": "GB",
          },
          Object {
            "id": 2,
            "title": "United States",
            "value": "US",
          },
        ]
      }
      formName="paymentMethod"
      headerTitle="Payment Details"
      nextSection={[Function]}
      nextStepAvailable={[Function]}
      onAddressDeleted={[Function]}
      onBlur={[Function]}
      onBookAddressSelected={[Function]}
      onCardTokenReceived={[Function]}
      onChange={[Function]}
      onNewAddress={[Function]}
      order={Object {}}
      setCardErrors={[Function]}
      thirdPartyPaymentMethods={
        Array [
          "PayPal",
        ]
      }
    />
  </div>
</Fragment>
`;
